this is gopika
hi gilu
mca@CMP30:~/Gopikarepo$ git clone https://github.com/SNGCELEGILUGEORGE/Favorites.git
Cloning into 'Favorites'...
remote: Counting objects: 3, done.
remote: Total 3 (delta 0), reused 0 (delta 0), pack-reused 0
Unpacking objects: 100% (3/3), done.
Checking connectivity... done.
mca@CMP30:~/Gopikarepo$ cd Favourites
bash: cd: Favourites: No such file or directory
mca@CMP30:~/Gopikarepo$ cd Favorites
mca@CMP30:~/Gopikarepo/Favorites$ cat>Foods
Rice
Chicken
Fish
Fruits
Milk
^C
mca@CMP30:~/Gopikarepo/Favorites$ git add Foods
mca@CMP30:~/Gopikarepo/Favorites$ git status
On branch master
Your branch is up-to-date with 'origin/master'.

Changes to be committed:
  (use "git reset HEAD <file>..." to unstage)

	new file:   Foods

mca@CMP30:~/Gopikarepo/Favorites$ git commit -m "addded"
[master 38e4272] addded
 1 file changed, 5 insertions(+)
 create mode 100644 Foods
mca@CMP30:~/Gopikarepo/Favorites$ git status
On branch master
Your branch is ahead of 'origin/master' by 1 commit.
  (use "git push" to publish your local commits)

nothing to commit, working directory clean
mca@CMP30:~/Gopikarepo/Favorites$ git origin master
